// Jest Snapshot v1, https://goo.gl/fbAQLP

exports[`ForecastSummary renders correctly 1`] = `
<DocumentFragment>
  <div
    class="forecast-summary"
  >
    <div
      class="forecast-summary__date"
    >
      11100011
    </div>
    <div
      class="forecast-summary__description"
    >
      Stub description
    </div>
    <div
      class="forecast-summary__icon"
    >
      stubIcon
    </div>
    <div
      class="forecast-summary__temperature"
    >
      22
    </div>
  </div>
</DocumentFragment>
`;
